verification_started=2026-08-31
[scenario_a_execution_order]
159:## Global execution order
161:Task headings remain numbered 1–14 for stable references, but implementation executes Tasks `1–7, 9, 8, 10–14`. Task 9 comes before Task 8 because it creates the shared `TransactionContext` and rollback contract that lifecycle writes consume. Task 9 depends only on Task 1's `OperationContext` and controlled-path helpers; it does not depend on Task 8 or any prepared lifecycle value. Task 8 then consumes the completed Task 9 transaction API. The resulting dependency order is `schema/frontmatter/provenance` → `scope/indexer` → `query_planner/ranker/service` → surface adapters → `operation` → `lifecycle` → `cluster/orchestrator` → metrics/docs/evaluation/CLI acceptance`. No later task may invent a second result, scope, transaction, journal, or mode type.
736:**Prerequisite and actual execution order:** Complete Task 9 before starting this task. Task 8 is still numbered 8, but runs after Task 9 and receives its sole root `TransactionContext`; it must not construct a journal, lock, or rollback coordinator of its own.
872:- Consumes: Task 1 immutable `OperationContext` and controlled-path helpers only. It deliberately has no dependency on Task 8 or prepared lifecycle state, because Task 8 runs after this transaction API is complete.
scenario_a=PASS exit=0 reverse_dependency=ABSENT
[scenario_b_checkpoint_ownership]
1109:    assert auto_fixture.lifecycle_checkpoints()[-2:] == ("INDEX_SWAPPED", "COMMITTED")
1111:def test_maintain_checkpoint_owners_emit_one_complete_nonduplicated_sequence(auto_fixture):
1121:    assert len(report.journal.checkpoint_names()) == len(set(report.journal.checkpoint_names()))
1122:    assert auto_fixture.lifecycle_checkpoints()[-2:] == ("INDEX_SWAPPED", "COMMITTED")
1157:`run_pipeline(tx, stages)` executes capture → distill → scope backfill → autolink → successor page preparation → one index swap → lifecycle finalization → archive → exact commit. The only `MAINTAIN_ORDER` is `validate → publish_pages_lifecycle → index_swap → lint → atomic_manifest_commit → archive → exact_stage_commit`; `validate` contains baseline/planning checks but makes no controlled mutation. `publish_pages_lifecycle` calls only `prepare_successor_pages(plan, tx)` and leaves `tx.journal` `PREPARED`. `index_swap` is the sole call to `atomic_rebuild_index(tx)`: after that one successful swap it records `INDEX_SWAPPED` on the same root journal and calls `finalize_successor_after_index(prepared, tx)`; it must not call any other swap. Safe mode calls each stage's `plan()`/`validate()` only. Checkpoint ownership is unique: the generic loop owns `VALIDATED`, `PAGES_LIFECYCLE_PUBLISHED`, `LINT_PASSED`, `ARCHIVED`, and `STAGE_COMMITTED`; `StageRunner.index_swap_once_and_finalize()` owns `INDEX_SWAPPED`; `commit_manifest()` owns `MANIFEST_COMMITTED`; and lifecycle finalization owns its distinct terminal `COMMITTED`. The two subfunction-owned stage outcomes set `checkpoint_owned=True`, so the generic loop records their operation-report checkpoint but never calls `tx.journal.checkpoint()` for them again. Every successful stage records exactly one of `VALIDATED`、`PAGES_LIFECYCLE_PUBLISHED`、`INDEX_SWAPPED`、`LINT_PASSED`、`MANIFEST_COMMITTED`、`ARCHIVED`、`STAGE_COMMITTED` in `operation-<id>.json`; a non-zero stage calls `rollback_transaction(tx)` and never advances. The one root journal restores operation before-images for pages/frontmatter/index/manifest in reverse order, so a failed manifest/archive/stage cannot leave a changed manifest or alter user preexisting staged paths. Print `mode=<mode> apply=<true|false> operation_id=<id>` before stage output.
1186:            if not outcome.checkpoint_owned:
1196:`StageOutcome` defaults `checkpoint_owned=False`; a stage may set it only when the named operation checkpoint was already durably written to the same root journal. `StageRunner.index_swap_once_and_finalize(tx)` registers the index before-image in `tx.journal`, invokes `tx.inject("index.before_swap")`, invokes `atomic_rebuild_index(tx)` exactly once, checkpoints the same root journal as `INDEX_SWAPPED`, invokes `tx.inject("index.after_swap")`, calls `finalize_successor_after_index(prepared, tx)`, and returns `StageOutcome.ok(checkpoint_owned=True)`. The `atomic_manifest_commit` adapter returns `StageOutcome.ok(checkpoint_owned=True)` only after `commit_manifest()` itself writes `MANIFEST_COMMITTED`. It never delegates index rebuilding to lifecycle prepare/finalize. Any error from prepare/index/finalize/manifest/archive/stage returns to the pipeline's one `rollback_transaction(tx)` path.
scenario_b=PASS exit=0 checkpoint_owned_outcomes=2
[scenario_c_structure_and_whitespace]
plan_static_assertions=PASS
scenario_c=PASS exit=0 task_heading_count=14 git_diff_check=PASS
verification_complete=PASS exit=0
